2024-08-15 15:56:36,977 - werkzeug - INFO - [31m[1mWARNING: This is a development server. Do not use it in a production deployment. Use a production WSGI server instead.[0m
 * Running on all addresses (0.0.0.0)
 * Running on http://127.0.0.1:5000
 * Running on http://192.162.3.176:5000
2024-08-15 15:56:36,978 - werkzeug - INFO - [33mPress CTRL+C to quit[0m
2024-08-15 15:58:51,596 - werkzeug - INFO - 127.0.0.1 - - [15/Aug/2024 15:58:51] "[35m[1mGET /api/faq/questions HTTP/1.1[0m" 500 -
2024-08-15 15:59:40,229 - werkzeug - INFO - [31m[1mWARNING: This is a development server. Do not use it in a production deployment. Use a production WSGI server instead.[0m
 * Running on all addresses (0.0.0.0)
 * Running on http://127.0.0.1:5000
 * Running on http://192.162.3.176:5000
2024-08-15 15:59:40,229 - werkzeug - INFO - [33mPress CTRL+C to quit[0m
2024-08-15 15:59:45,645 - werkzeug - INFO - 127.0.0.1 - - [15/Aug/2024 15:59:45] "GET /api/faq/questions HTTP/1.1" 200 -
2024-08-15 16:00:17,306 - werkzeug - INFO - [31m[1mWARNING: This is a development server. Do not use it in a production deployment. Use a production WSGI server instead.[0m
 * Running on all addresses (0.0.0.0)
 * Running on http://127.0.0.1:5000
 * Running on http://192.162.3.176:5000
2024-08-15 16:00:17,307 - werkzeug - INFO - [33mPress CTRL+C to quit[0m
2024-08-15 16:00:21,280 - werkzeug - INFO - 127.0.0.1 - - [15/Aug/2024 16:00:21] "GET /api/faq/questions HTTP/1.1" 200 -
2024-08-15 16:04:48,022 - werkzeug - INFO - [31m[1mWARNING: This is a development server. Do not use it in a production deployment. Use a production WSGI server instead.[0m
 * Running on all addresses (0.0.0.0)
 * Running on http://127.0.0.1:5000
 * Running on http://192.162.3.176:5000
2024-08-15 16:04:48,022 - werkzeug - INFO - [33mPress CTRL+C to quit[0m
2024-08-15 16:04:57,794 - werkzeug - INFO - 127.0.0.1 - - [15/Aug/2024 16:04:57] "GET /api/faq/questions HTTP/1.1" 200 -
2024-08-15 16:08:11,995 - werkzeug - INFO - [31m[1mWARNING: This is a development server. Do not use it in a production deployment. Use a production WSGI server instead.[0m
 * Running on all addresses (0.0.0.0)
 * Running on http://127.0.0.1:5000
 * Running on http://192.162.3.176:5000
2024-08-15 16:08:11,995 - werkzeug - INFO - [33mPress CTRL+C to quit[0m
2024-08-15 16:10:38,328 - werkzeug - INFO - [31m[1mWARNING: This is a development server. Do not use it in a production deployment. Use a production WSGI server instead.[0m
 * Running on all addresses (0.0.0.0)
 * Running on http://127.0.0.1:5000
 * Running on http://192.162.3.176:5000
2024-08-15 16:10:38,328 - werkzeug - INFO - [33mPress CTRL+C to quit[0m
2024-08-15 16:10:51,819 - werkzeug - INFO - [31m[1mWARNING: This is a development server. Do not use it in a production deployment. Use a production WSGI server instead.[0m
 * Running on all addresses (0.0.0.0)
 * Running on http://127.0.0.1:5000
 * Running on http://192.162.3.176:5000
2024-08-15 16:10:51,820 - werkzeug - INFO - [33mPress CTRL+C to quit[0m
2024-08-15 16:11:04,778 - werkzeug - INFO - 127.0.0.1 - - [15/Aug/2024 16:11:04] "GET /api/faq/answer?faq_id=5 HTTP/1.1" 200 -
2024-08-15 16:11:35,480 - werkzeug - INFO - 127.0.0.1 - - [15/Aug/2024 16:11:35] "GET /api/faq/answer?faq_id=12 HTTP/1.1" 200 -
2024-08-15 16:12:14,244 - werkzeug - INFO - [31m[1mWARNING: This is a development server. Do not use it in a production deployment. Use a production WSGI server instead.[0m
 * Running on all addresses (0.0.0.0)
 * Running on http://127.0.0.1:5000
 * Running on http://192.162.3.176:5000
2024-08-15 16:12:14,244 - werkzeug - INFO - [33mPress CTRL+C to quit[0m
2024-08-15 16:12:24,265 - werkzeug - INFO - 127.0.0.1 - - [15/Aug/2024 16:12:24] "GET /api/faq/answer?faq_id=12 HTTP/1.1" 200 -
2024-08-15 16:22:41,351 - werkzeug - INFO - [31m[1mWARNING: This is a development server. Do not use it in a production deployment. Use a production WSGI server instead.[0m
 * Running on all addresses (0.0.0.0)
 * Running on http://127.0.0.1:5000
 * Running on http://192.162.3.176:5000
2024-08-15 16:22:41,352 - werkzeug - INFO - [33mPress CTRL+C to quit[0m
2024-08-15 16:22:47,119 - werkzeug - INFO - 127.0.0.1 - - [15/Aug/2024 16:22:47] "GET /api/faq/answer?faq_id=12 HTTP/1.1" 200 -
2024-08-15 16:22:52,203 - werkzeug - INFO - 127.0.0.1 - - [15/Aug/2024 16:22:52] "GET /api/faq/answer?faq_id=13 HTTP/1.1" 200 -
2024-08-15 16:41:25,983 - werkzeug - INFO - [31m[1mWARNING: This is a development server. Do not use it in a production deployment. Use a production WSGI server instead.[0m
 * Running on all addresses (0.0.0.0)
 * Running on http://127.0.0.1:5000
 * Running on http://192.162.3.176:5000
2024-08-15 16:41:25,983 - werkzeug - INFO - [33mPress CTRL+C to quit[0m
2024-08-15 16:42:30,816 - werkzeug - INFO - 127.0.0.1 - - [15/Aug/2024 16:42:30] "[33mGET /api/dog/nutrition?faq_id=16 HTTP/1.1[0m" 404 -
2024-08-15 16:43:29,511 - werkzeug - INFO - [31m[1mWARNING: This is a development server. Do not use it in a production deployment. Use a production WSGI server instead.[0m
 * Running on all addresses (0.0.0.0)
 * Running on http://127.0.0.1:5000
 * Running on http://192.162.3.176:5000
2024-08-15 16:43:29,512 - werkzeug - INFO - [33mPress CTRL+C to quit[0m
2024-08-15 16:43:30,338 - werkzeug - INFO - 127.0.0.1 - - [15/Aug/2024 16:43:30] "[33mGET /api/dog/nutrition?dog_id=16 HTTP/1.1[0m" 404 -
2024-08-15 16:45:00,912 - werkzeug - INFO - 127.0.0.1 - - [15/Aug/2024 16:45:00] "[33mGET /api/dog/nutrition?dog_id=16 HTTP/1.1[0m" 404 -
2024-08-15 16:45:53,457 - werkzeug - INFO - [31m[1mWARNING: This is a development server. Do not use it in a production deployment. Use a production WSGI server instead.[0m
 * Running on all addresses (0.0.0.0)
 * Running on http://127.0.0.1:5000
 * Running on http://192.162.3.176:5000
2024-08-15 16:45:53,457 - werkzeug - INFO - [33mPress CTRL+C to quit[0m
2024-08-15 16:45:57,911 - werkzeug - INFO - 127.0.0.1 - - [15/Aug/2024 16:45:57] "[33mGET /api/dog/nutrition?dog_id=16 HTTP/1.1[0m" 404 -
2024-08-15 16:46:49,561 - werkzeug - INFO - [31m[1mWARNING: This is a development server. Do not use it in a production deployment. Use a production WSGI server instead.[0m
 * Running on all addresses (0.0.0.0)
 * Running on http://127.0.0.1:5000
 * Running on http://192.162.3.176:5000
2024-08-15 16:46:49,562 - werkzeug - INFO - [33mPress CTRL+C to quit[0m
2024-08-15 16:46:52,241 - werkzeug - INFO - 127.0.0.1 - - [15/Aug/2024 16:46:52] "[33mGET /api/dog/nutrition?dog_id=16 HTTP/1.1[0m" 404 -
2024-08-15 16:47:14,193 - werkzeug - INFO - [31m[1mWARNING: This is a development server. Do not use it in a production deployment. Use a production WSGI server instead.[0m
 * Running on all addresses (0.0.0.0)
 * Running on http://127.0.0.1:5000
 * Running on http://192.162.3.176:5000
2024-08-15 16:47:14,193 - werkzeug - INFO - [33mPress CTRL+C to quit[0m
2024-08-15 16:47:16,505 - werkzeug - INFO - 127.0.0.1 - - [15/Aug/2024 16:47:16] "[33mGET /api/dog/nutrition?dog_id=16 HTTP/1.1[0m" 404 -
2024-08-15 16:47:50,239 - werkzeug - INFO - [31m[1mWARNING: This is a development server. Do not use it in a production deployment. Use a production WSGI server instead.[0m
 * Running on all addresses (0.0.0.0)
 * Running on http://127.0.0.1:5000
 * Running on http://192.162.3.176:5000
2024-08-15 16:47:50,239 - werkzeug - INFO - [33mPress CTRL+C to quit[0m
2024-08-15 16:47:54,209 - werkzeug - INFO - 127.0.0.1 - - [15/Aug/2024 16:47:54] "GET /api/dog/nutrition?dog_id=16 HTTP/1.1" 200 -
2024-08-15 16:49:36,288 - werkzeug - INFO - [31m[1mWARNING: This is a development server. Do not use it in a production deployment. Use a production WSGI server instead.[0m
 * Running on all addresses (0.0.0.0)
 * Running on http://127.0.0.1:5000
 * Running on http://192.162.3.176:5000
2024-08-15 16:49:36,288 - werkzeug - INFO - [33mPress CTRL+C to quit[0m
2024-08-15 16:49:40,422 - werkzeug - INFO - 127.0.0.1 - - [15/Aug/2024 16:49:40] "[31m[1mGET /api/dog/nutrition?dog_id=16 HTTP/1.1[0m" 400 -
2024-08-15 16:50:08,028 - werkzeug - INFO - [31m[1mWARNING: This is a development server. Do not use it in a production deployment. Use a production WSGI server instead.[0m
 * Running on all addresses (0.0.0.0)
 * Running on http://127.0.0.1:5000
 * Running on http://192.162.3.176:5000
2024-08-15 16:50:08,028 - werkzeug - INFO - [33mPress CTRL+C to quit[0m
2024-08-15 16:50:11,348 - werkzeug - INFO - 127.0.0.1 - - [15/Aug/2024 16:50:11] "GET /api/dog/nutrition?dog_id=16 HTTP/1.1" 200 -
2024-08-15 17:08:29,553 - werkzeug - INFO - [31m[1mWARNING: This is a development server. Do not use it in a production deployment. Use a production WSGI server instead.[0m
 * Running on all addresses (0.0.0.0)
 * Running on http://127.0.0.1:5000
 * Running on http://192.162.3.176:5000
2024-08-15 17:08:29,553 - werkzeug - INFO - [33mPress CTRL+C to quit[0m
2024-08-15 17:08:35,009 - werkzeug - INFO - 127.0.0.1 - - [15/Aug/2024 17:08:35] "GET /api/dog/nutrition?dog_id=16 HTTP/1.1" 200 -
2024-08-15 17:10:09,934 - werkzeug - INFO - 127.0.0.1 - - [15/Aug/2024 17:10:09] "POST /api/dog/nutrition?dog_id=16 HTTP/1.1" 200 -
2024-08-15 17:10:42,054 - werkzeug - INFO - 127.0.0.1 - - [15/Aug/2024 17:10:42] "POST /api/dog/nutrition?dog_id=16 HTTP/1.1" 200 -
2024-08-15 17:11:01,101 - werkzeug - INFO - 127.0.0.1 - - [15/Aug/2024 17:11:01] "[31m[1mPOST /api/dog/nutrition?dog_id=16 HTTP/1.1[0m" 400 -
2024-08-15 17:11:19,158 - werkzeug - INFO - 127.0.0.1 - - [15/Aug/2024 17:11:19] "[31m[1mPOST /api/dog/nutrition?dog_id=16 HTTP/1.1[0m" 400 -
2024-08-15 17:12:14,720 - werkzeug - INFO - [31m[1mWARNING: This is a development server. Do not use it in a production deployment. Use a production WSGI server instead.[0m
 * Running on all addresses (0.0.0.0)
 * Running on http://127.0.0.1:5000
 * Running on http://192.162.3.176:5000
2024-08-15 17:12:14,721 - werkzeug - INFO - [33mPress CTRL+C to quit[0m
2024-08-15 17:12:21,108 - werkzeug - INFO - 127.0.0.1 - - [15/Aug/2024 17:12:21] "POST /api/dog/nutrition?dog_id=16 HTTP/1.1" 200 -
2024-08-15 17:12:34,624 - werkzeug - INFO - 127.0.0.1 - - [15/Aug/2024 17:12:34] "POST /api/dog/nutrition?dog_id=16 HTTP/1.1" 200 -
2024-08-15 17:20:39,362 - werkzeug - INFO - [31m[1mWARNING: This is a development server. Do not use it in a production deployment. Use a production WSGI server instead.[0m
 * Running on all addresses (0.0.0.0)
 * Running on http://127.0.0.1:5000
 * Running on http://192.162.3.176:5000
2024-08-15 17:20:39,362 - werkzeug - INFO - [33mPress CTRL+C to quit[0m
2024-08-15 17:21:07,237 - werkzeug - INFO - 127.0.0.1 - - [15/Aug/2024 17:21:07] "DELETE /api/dog/nutrition?dog_id=101 HTTP/1.1" 200 -
2024-08-15 17:21:15,320 - werkzeug - INFO - 127.0.0.1 - - [15/Aug/2024 17:21:15] "[31m[1mDELETE /api/dog/nutrition?dog_id=1015 HTTP/1.1[0m" 400 -
2024-08-15 17:21:57,354 - werkzeug - INFO - 127.0.0.1 - - [15/Aug/2024 17:21:57] "DELETE /api/dog/nutrition?dog_id=16 HTTP/1.1" 200 -
2024-08-15 17:23:37,867 - werkzeug - INFO - 127.0.0.1 - - [15/Aug/2024 17:23:37] "GET /api/faq/questions?faq_id=13 HTTP/1.1" 200 -
2024-08-15 17:23:59,678 - werkzeug - INFO - 127.0.0.1 - - [15/Aug/2024 17:23:59] "GET /api/faq/answer?faq_id=13 HTTP/1.1" 200 -
2024-08-15 17:24:08,340 - werkzeug - INFO - 127.0.0.1 - - [15/Aug/2024 17:24:08] "GET /api/faq/questions HTTP/1.1" 200 -
2024-08-16 13:21:48,505 - werkzeug - INFO - [31m[1mWARNING: This is a development server. Do not use it in a production deployment. Use a production WSGI server instead.[0m
 * Running on all addresses (0.0.0.0)
 * Running on http://127.0.0.1:5000
 * Running on http://192.168.1.10:5000
2024-08-16 13:21:48,506 - werkzeug - INFO - [33mPress CTRL+C to quit[0m
2024-08-16 13:21:51,027 - werkzeug - INFO - 127.0.0.1 - - [16/Aug/2024 13:21:51] "GET / HTTP/1.1" 200 -
2024-08-16 13:31:16,051 - werkzeug - INFO - [31m[1mWARNING: This is a development server. Do not use it in a production deployment. Use a production WSGI server instead.[0m
 * Running on all addresses (0.0.0.0)
 * Running on http://127.0.0.1:5000
 * Running on http://192.168.1.10:5000
2024-08-16 13:31:16,053 - werkzeug - INFO - [33mPress CTRL+C to quit[0m
2024-08-16 13:31:26,955 - werkzeug - INFO - 127.0.0.1 - - [16/Aug/2024 13:31:26] "GET /api/user/profile?user_id=33 HTTP/1.1" 200 -
2024-08-16 13:32:54,146 - werkzeug - INFO - 127.0.0.1 - - [16/Aug/2024 13:32:54] "GET /api/collar/battery?collar_id=testCollar HTTP/1.1" 200 -
2024-08-16 13:35:37,955 - werkzeug - INFO - [31m[1mWARNING: This is a development server. Do not use it in a production deployment. Use a production WSGI server instead.[0m
 * Running on all addresses (0.0.0.0)
 * Running on http://127.0.0.1:5000
 * Running on http://192.168.1.10:5000
2024-08-16 13:35:37,955 - werkzeug - INFO - [33mPress CTRL+C to quit[0m
2024-08-16 13:35:42,514 - werkzeug - INFO - 127.0.0.1 - - [16/Aug/2024 13:35:42] "PUT /api/dog/profile HTTP/1.1" 200 -
2024-08-16 13:35:51,915 - werkzeug - INFO - 127.0.0.1 - - [16/Aug/2024 13:35:51] "GET /api/dog/profile?dog_id=101 HTTP/1.1" 200 -
2024-08-16 13:40:06,567 - werkzeug - INFO - [31m[1mWARNING: This is a development server. Do not use it in a production deployment. Use a production WSGI server instead.[0m
 * Running on all addresses (0.0.0.0)
 * Running on http://127.0.0.1:5000
 * Running on http://192.168.1.10:5000
2024-08-16 13:40:06,567 - werkzeug - INFO - [33mPress CTRL+C to quit[0m
2024-08-16 13:40:17,087 - werkzeug - INFO - 127.0.0.1 - - [16/Aug/2024 13:40:17] "GET /api/user/profile?user_id=33 HTTP/1.1" 200 -
2024-08-16 13:41:58,507 - werkzeug - INFO - [31m[1mWARNING: This is a development server. Do not use it in a production deployment. Use a production WSGI server instead.[0m
 * Running on all addresses (0.0.0.0)
 * Running on http://127.0.0.1:5000
 * Running on http://192.168.1.10:5000
2024-08-16 13:41:58,507 - werkzeug - INFO - [33mPress CTRL+C to quit[0m
2024-08-16 13:42:06,130 - werkzeug - INFO - 127.0.0.1 - - [16/Aug/2024 13:42:06] "GET /api/dog/profile?dog_id=101 HTTP/1.1" 200 -
2024-08-16 13:44:00,319 - werkzeug - INFO - [31m[1mWARNING: This is a development server. Do not use it in a production deployment. Use a production WSGI server instead.[0m
 * Running on all addresses (0.0.0.0)
 * Running on http://127.0.0.1:5000
 * Running on http://192.168.1.10:5000
2024-08-16 13:44:00,320 - werkzeug - INFO - [33mPress CTRL+C to quit[0m
2024-08-16 13:44:07,785 - werkzeug - INFO - 127.0.0.1 - - [16/Aug/2024 13:44:07] "GET /api/dog/profile?dog_id=101 HTTP/1.1" 200 -
2024-08-17 15:15:25,761 - werkzeug - INFO - [31m[1mWARNING: This is a development server. Do not use it in a production deployment. Use a production WSGI server instead.[0m
 * Running on all addresses (0.0.0.0)
 * Running on http://127.0.0.1:5000
 * Running on http://10.100.102.64:5000
2024-08-17 15:15:25,761 - werkzeug - INFO - [33mPress CTRL+C to quit[0m
2024-08-17 15:16:32,084 - werkzeug - INFO - 127.0.0.1 - - [17/Aug/2024 15:16:32] "GET /api/dog/fitness?dog_id=101&date=2024-08-13 HTTP/1.1" 200 -
2024-08-17 15:18:29,863 - werkzeug - INFO - 127.0.0.1 - - [17/Aug/2024 15:18:29] "[31m[1mPUT /api/dog/fitness/steps?dog_id=101&steps=21 HTTP/1.1[0m" 400 -
2024-08-17 15:22:08,866 - werkzeug - INFO - [31m[1mWARNING: This is a development server. Do not use it in a production deployment. Use a production WSGI server instead.[0m
 * Running on all addresses (0.0.0.0)
 * Running on http://127.0.0.1:5000
 * Running on http://10.100.102.64:5000
2024-08-17 15:22:08,866 - werkzeug - INFO - [33mPress CTRL+C to quit[0m
2024-08-17 15:22:14,665 - werkzeug - INFO - 127.0.0.1 - - [17/Aug/2024 15:22:14] "[31m[1mPUT /api/dog/fitness/steps?dog_id=101&steps=21 HTTP/1.1[0m" 400 -
2024-08-17 15:24:00,850 - werkzeug - INFO - [31m[1mWARNING: This is a development server. Do not use it in a production deployment. Use a production WSGI server instead.[0m
 * Running on all addresses (0.0.0.0)
 * Running on http://127.0.0.1:5000
 * Running on http://10.100.102.64:5000
2024-08-17 15:24:00,851 - werkzeug - INFO - [33mPress CTRL+C to quit[0m
2024-08-17 15:24:06,444 - werkzeug - INFO - 127.0.0.1 - - [17/Aug/2024 15:24:06] "PUT /api/dog/fitness/steps?dog_id=101&steps=21 HTTP/1.1" 200 -
2024-08-17 15:24:45,994 - werkzeug - INFO - 127.0.0.1 - - [17/Aug/2024 15:24:45] "PUT /api/dog/fitness/steps?dog_id=101&steps=25 HTTP/1.1" 200 -
2024-08-17 15:25:11,485 - werkzeug - INFO - 127.0.0.1 - - [17/Aug/2024 15:25:11] "PUT /api/dog/fitness/steps?dog_id=101&steps=2 HTTP/1.1" 200 -
2024-08-17 15:26:43,125 - werkzeug - INFO - [31m[1mWARNING: This is a development server. Do not use it in a production deployment. Use a production WSGI server instead.[0m
 * Running on all addresses (0.0.0.0)
 * Running on http://127.0.0.1:5000
 * Running on http://10.100.102.64:5000
2024-08-17 15:26:43,126 - werkzeug - INFO - [33mPress CTRL+C to quit[0m
2024-08-17 15:26:59,552 - werkzeug - INFO - 127.0.0.1 - - [17/Aug/2024 15:26:59] "PUT /api/dog/fitness/steps?dog_id=101&steps=2 HTTP/1.1" 200 -
2024-08-17 15:27:29,219 - werkzeug - INFO - 127.0.0.1 - - [17/Aug/2024 15:27:29] "PUT /api/dog/fitness/steps?dog_id=101&steps=50 HTTP/1.1" 200 -
2024-08-17 15:27:34,637 - main - ERROR - Exception on /api/dog/fitness/steps [PUT]
Traceback (most recent call last):
  File "C:\Users\nizan\AppData\Local\Programs\Python\Python311\Lib\site-packages\flask\app.py", line 1473, in wsgi_app
    response = self.full_dispatch_request()
               ^^^^^^^^^^^^^^^^^^^^^^^^^^^^
  File "C:\Users\nizan\AppData\Local\Programs\Python\Python311\Lib\site-packages\flask\app.py", line 882, in full_dispatch_request
    rv = self.handle_user_exception(e)
         ^^^^^^^^^^^^^^^^^^^^^^^^^^^^^
  File "C:\Users\nizan\AppData\Local\Programs\Python\Python311\Lib\site-packages\flask\app.py", line 880, in full_dispatch_request
    rv = self.dispatch_request()
         ^^^^^^^^^^^^^^^^^^^^^^^
  File "C:\Users\nizan\AppData\Local\Programs\Python\Python311\Lib\site-packages\flask\app.py", line 865, in dispatch_request
    return self.ensure_sync(self.view_functions[rule.endpoint])(**view_args)  # type: ignore[no-any-return]
           ^^^^^^^^^^^^^^^^^^^^^^^^^^^^^^^^^^^^^^^^^^^^^^^^^^^^^^^^^^^^^^^^^
  File "C:\Users\nizan\Desktop\Doggo\backend\src\routes\fitness_routes.py", line 14, in add_dog_steps
    json_error_res = add_dog_fitness(dog_id, STEPS_COLUMN, int(new_dog_steps))
                                                           ^^^^^^^^^^^^^^^^^^
ValueError: invalid literal for int() with base 10: '5-'
2024-08-17 15:27:34,654 - werkzeug - INFO - 127.0.0.1 - - [17/Aug/2024 15:27:34] "[35m[1mPUT /api/dog/fitness/steps?dog_id=101&steps=5- HTTP/1.1[0m" 500 -
2024-08-17 15:27:57,104 - werkzeug - INFO - 127.0.0.1 - - [17/Aug/2024 15:27:57] "PUT /api/dog/fitness/steps?dog_id=101&steps=20 HTTP/1.1" 200 -
2024-08-17 15:29:39,902 - werkzeug - INFO - [31m[1mWARNING: This is a development server. Do not use it in a production deployment. Use a production WSGI server instead.[0m
 * Running on all addresses (0.0.0.0)
 * Running on http://127.0.0.1:5000
 * Running on http://10.100.102.64:5000
2024-08-17 15:29:39,903 - werkzeug - INFO - [33mPress CTRL+C to quit[0m
2024-08-17 15:29:51,558 - werkzeug - INFO - 127.0.0.1 - - [17/Aug/2024 15:29:51] "PUT /api/dog/fitness/steps?dog_id=101&steps=68 HTTP/1.1" 200 -
2024-08-17 15:30:06,777 - werkzeug - INFO - 127.0.0.1 - - [17/Aug/2024 15:30:06] "PUT /api/dog/fitness/steps?dog_id=101&steps=22 HTTP/1.1" 200 -
2024-08-17 15:30:23,395 - werkzeug - INFO - 127.0.0.1 - - [17/Aug/2024 15:30:23] "PUT /api/dog/fitness/steps?dog_id=101&steps=22 HTTP/1.1" 200 -
2024-08-17 15:30:51,332 - werkzeug - INFO - 127.0.0.1 - - [17/Aug/2024 15:30:51] "PUT /api/dog/fitness/distance_calories?dog_id=101&distance=22 HTTP/1.1" 200 -
2024-08-17 15:31:17,811 - werkzeug - INFO - 127.0.0.1 - - [17/Aug/2024 15:31:17] "PUT /api/dog/fitness/distance_calories?dog_id=101&distance=35122 HTTP/1.1" 200 -
2024-08-17 15:31:31,000 - werkzeug - INFO - 127.0.0.1 - - [17/Aug/2024 15:31:31] "PUT /api/dog/fitness/distance_calories?dog_id=101&distance=2222 HTTP/1.1" 200 -
2024-08-17 15:31:48,840 - werkzeug - INFO - 127.0.0.1 - - [17/Aug/2024 15:31:48] "PUT /api/dog/fitness/distance_calories?dog_id=101&distance=6231 HTTP/1.1" 200 -
2024-08-17 15:33:23,932 - werkzeug - INFO - 127.0.0.1 - - [17/Aug/2024 15:33:23] "PUT /api/dog/fitness/distance_calories?dog_id=101&distance=45200 HTTP/1.1" 200 -
2024-08-17 15:33:49,597 - werkzeug - INFO - 127.0.0.1 - - [17/Aug/2024 15:33:49] "PUT /api/dog/fitness/distance_calories?dog_id=101&distance=1 HTTP/1.1" 200 -
2024-08-17 15:34:55,128 - werkzeug - INFO - 127.0.0.1 - - [17/Aug/2024 15:34:55] "PUT /api/dog/fitness/distance_calories?dog_id=101&distance=1000 HTTP/1.1" 200 -
2024-08-17 15:38:48,248 - werkzeug - INFO - 127.0.0.1 - - [17/Aug/2024 15:38:48] "PUT /api/dog/fitness/steps?dog_id=101&steps=55 HTTP/1.1" 200 -
2024-08-17 15:40:05,656 - werkzeug - INFO - 127.0.0.1 - - [17/Aug/2024 15:40:05] "PUT /api/dog/fitness/steps?dog_id=101&steps=105 HTTP/1.1" 200 -
2024-08-17 15:40:25,966 - werkzeug - INFO - 127.0.0.1 - - [17/Aug/2024 15:40:25] "PUT /api/dog/fitness/distance_calories?dog_id=101&distance=2500 HTTP/1.1" 200 -
2024-08-17 16:00:53,812 - werkzeug - INFO - [31m[1mWARNING: This is a development server. Do not use it in a production deployment. Use a production WSGI server instead.[0m
 * Running on all addresses (0.0.0.0)
 * Running on http://127.0.0.1:5000
 * Running on http://10.100.102.64:5000
2024-08-17 16:00:53,812 - werkzeug - INFO - [33mPress CTRL+C to quit[0m
2024-08-17 16:02:00,779 - src.utils.logger - DEBUG - Values from collar: {'collarID': 'testCollar', 'battery': '22', 'steps': '44', 'distance': '13'}
2024-08-17 16:02:03,207 - werkzeug - INFO - 127.0.0.1 - - [17/Aug/2024 16:02:03] "[31m[1mPUT /api/dog/collar_data HTTP/1.1[0m" 400 -
2024-08-17 16:03:05,877 - werkzeug - INFO - [31m[1mWARNING: This is a development server. Do not use it in a production deployment. Use a production WSGI server instead.[0m
 * Running on all addresses (0.0.0.0)
 * Running on http://127.0.0.1:5000
 * Running on http://10.100.102.64:5000
2024-08-17 16:03:05,877 - werkzeug - INFO - [33mPress CTRL+C to quit[0m
2024-08-17 16:03:17,398 - src.utils.logger - DEBUG - Values from collar: {'collarID': 'testCollar', 'battery': '22', 'steps': '44', 'distance': '13'}
2024-08-17 16:03:20,207 - werkzeug - INFO - 127.0.0.1 - - [17/Aug/2024 16:03:20] "PUT /api/dog/collar_data HTTP/1.1" 200 -
2024-08-17 16:03:21,671 - src.utils.logger - DEBUG - Values from collar: {'collarID': 'testCollar', 'battery': '22', 'steps': '44', 'distance': '13'}
2024-08-17 16:03:25,243 - werkzeug - INFO - 127.0.0.1 - - [17/Aug/2024 16:03:25] "[31m[1mPUT /api/dog/collar_data HTTP/1.1[0m" 400 -
2024-08-17 16:07:38,174 - werkzeug - INFO - [31m[1mWARNING: This is a development server. Do not use it in a production deployment. Use a production WSGI server instead.[0m
 * Running on all addresses (0.0.0.0)
 * Running on http://127.0.0.1:5000
 * Running on http://10.100.102.64:5000
2024-08-17 16:07:38,174 - werkzeug - INFO - [33mPress CTRL+C to quit[0m
2024-08-17 16:07:56,439 - src.utils.logger - DEBUG - Values from collar: {'collarID': 'testCollar', 'battery': '22', 'steps': '44', 'distance': '13'}
2024-08-17 16:07:59,885 - werkzeug - INFO - 127.0.0.1 - - [17/Aug/2024 16:07:59] "[31m[1mPUT /api/dog/collar_data HTTP/1.1[0m" 400 -
2024-08-17 16:08:51,876 - werkzeug - INFO - [31m[1mWARNING: This is a development server. Do not use it in a production deployment. Use a production WSGI server instead.[0m
 * Running on all addresses (0.0.0.0)
 * Running on http://127.0.0.1:5000
 * Running on http://10.100.102.64:5000
2024-08-17 16:08:51,877 - werkzeug - INFO - [33mPress CTRL+C to quit[0m
2024-08-17 16:08:56,143 - src.utils.logger - DEBUG - Values from collar: {'collarID': 'testCollar', 'battery': '22', 'steps': '44', 'distance': '13'}
2024-08-17 16:08:59,752 - werkzeug - INFO - 127.0.0.1 - - [17/Aug/2024 16:08:59] "[31m[1mPUT /api/dog/collar_data HTTP/1.1[0m" 400 -
2024-08-17 16:09:20,041 - werkzeug - INFO - [31m[1mWARNING: This is a development server. Do not use it in a production deployment. Use a production WSGI server instead.[0m
 * Running on all addresses (0.0.0.0)
 * Running on http://127.0.0.1:5000
 * Running on http://10.100.102.64:5000
2024-08-17 16:09:20,041 - werkzeug - INFO - [33mPress CTRL+C to quit[0m
2024-08-17 16:09:23,218 - src.utils.logger - DEBUG - Values from collar: {'collarID': 'testCollar', 'battery': '22', 'steps': '44', 'distance': '13'}
2024-08-17 16:09:26,602 - werkzeug - INFO - 127.0.0.1 - - [17/Aug/2024 16:09:26] "[31m[1mPUT /api/dog/collar_data HTTP/1.1[0m" 400 -
2024-08-17 16:09:53,757 - werkzeug - INFO - [31m[1mWARNING: This is a development server. Do not use it in a production deployment. Use a production WSGI server instead.[0m
 * Running on all addresses (0.0.0.0)
 * Running on http://127.0.0.1:5000
 * Running on http://10.100.102.64:5000
2024-08-17 16:09:53,757 - werkzeug - INFO - [33mPress CTRL+C to quit[0m
2024-08-17 16:09:57,507 - src.utils.logger - DEBUG - Values from collar: {'collarID': 'testCollar', 'battery': '22', 'steps': '44', 'distance': '13'}
2024-08-17 16:10:01,034 - werkzeug - INFO - 127.0.0.1 - - [17/Aug/2024 16:10:01] "[31m[1mPUT /api/dog/collar_data HTTP/1.1[0m" 400 -
2024-08-17 16:10:28,166 - werkzeug - INFO - [31m[1mWARNING: This is a development server. Do not use it in a production deployment. Use a production WSGI server instead.[0m
 * Running on all addresses (0.0.0.0)
 * Running on http://127.0.0.1:5000
 * Running on http://10.100.102.64:5000
2024-08-17 16:10:28,166 - werkzeug - INFO - [33mPress CTRL+C to quit[0m
2024-08-17 16:10:31,061 - src.utils.logger - DEBUG - Values from collar: {'collarID': 'testCollar', 'battery': '22', 'steps': '44', 'distance': '13'}
2024-08-17 16:10:34,556 - werkzeug - INFO - 127.0.0.1 - - [17/Aug/2024 16:10:34] "[31m[1mPUT /api/dog/collar_data HTTP/1.1[0m" 400 -
2024-08-17 16:13:09,606 - werkzeug - INFO - [31m[1mWARNING: This is a development server. Do not use it in a production deployment. Use a production WSGI server instead.[0m
 * Running on all addresses (0.0.0.0)
 * Running on http://127.0.0.1:5000
 * Running on http://10.100.102.64:5000
2024-08-17 16:13:09,606 - werkzeug - INFO - [33mPress CTRL+C to quit[0m
2024-08-17 16:13:12,731 - src.utils.logger - DEBUG - Values from collar: {'collarID': 'testCollar', 'battery': '22', 'steps': '44', 'distance': '13'}
2024-08-17 16:13:15,564 - werkzeug - INFO - 127.0.0.1 - - [17/Aug/2024 16:13:15] "PUT /api/dog/collar_data HTTP/1.1" 200 -
2024-08-17 16:13:39,875 - src.utils.logger - DEBUG - Values from collar: {'collarID': 'testCollar', 'battery': '22', 'steps': '544', 'distance': '13221'}
2024-08-17 16:13:43,396 - werkzeug - INFO - 127.0.0.1 - - [17/Aug/2024 16:13:43] "[31m[1mPUT /api/dog/collar_data HTTP/1.1[0m" 400 -
2024-08-17 16:15:20,683 - werkzeug - INFO - [31m[1mWARNING: This is a development server. Do not use it in a production deployment. Use a production WSGI server instead.[0m
 * Running on all addresses (0.0.0.0)
 * Running on http://127.0.0.1:5000
 * Running on http://10.100.102.64:5000
2024-08-17 16:15:20,683 - werkzeug - INFO - [33mPress CTRL+C to quit[0m
2024-08-17 16:15:46,187 - src.utils.logger - DEBUG - Values from collar: {'collarID': 'testCollar', 'battery': '22', 'steps': '544', 'distance': '13221'}
2024-08-17 16:15:49,701 - werkzeug - INFO - 127.0.0.1 - - [17/Aug/2024 16:15:49] "PUT /api/dog/collar_data HTTP/1.1" 200 -
2024-08-17 16:16:12,285 - src.utils.logger - DEBUG - Values from collar: {'collarID': 'testCollar', 'battery': '22', 'steps': '44', 'distance': '222'}
2024-08-17 16:16:15,670 - werkzeug - INFO - 127.0.0.1 - - [17/Aug/2024 16:16:15] "PUT /api/dog/collar_data HTTP/1.1" 200 -
2024-08-17 16:16:55,249 - src.utils.logger - DEBUG - Values from collar: {'collarID': 'testCollar', 'battery': '22', 'steps': '44', 'distance': '222'}
2024-08-17 16:16:58,052 - werkzeug - INFO - 127.0.0.1 - - [17/Aug/2024 16:16:58] "PUT /api/dog/collar_data HTTP/1.1" 200 -
2024-08-17 16:18:57,510 - src.utils.logger - DEBUG - Values from collar: {'collarID': 'testCollar', 'battery': '22', 'steps': '6000', 'distance': '30000'}
2024-08-17 16:19:00,274 - werkzeug - INFO - 127.0.0.1 - - [17/Aug/2024 16:19:00] "PUT /api/dog/collar_data HTTP/1.1" 200 -
2024-08-18 00:32:08,382 - werkzeug - INFO - [31m[1mWARNING: This is a development server. Do not use it in a production deployment. Use a production WSGI server instead.[0m
 * Running on all addresses (0.0.0.0)
 * Running on http://127.0.0.1:5000
 * Running on http://192.168.1.10:5000
2024-08-18 00:32:08,382 - werkzeug - INFO - [33mPress CTRL+C to quit[0m
2024-08-18 00:32:13,526 - main - ERROR - Exception on /api/dog/care_info [GET]
Traceback (most recent call last):
  File "C:\Users\nizan\Desktop\Doggo\backend\src\utils\config.py", line 11, in load_database_config
    'host': parser.get('postgresql', 'db_host').strip(),
            ^^^^^^^^^^^^^^^^^^^^^^^^^^^^^^^^^^^
  File "C:\Users\nizan\AppData\Local\Programs\Python\Python311\Lib\configparser.py", line 797, in get
    d = self._unify_values(section, vars)
        ^^^^^^^^^^^^^^^^^^^^^^^^^^^^^^^^^
  File "C:\Users\nizan\AppData\Local\Programs\Python\Python311\Lib\configparser.py", line 1168, in _unify_values
    raise NoSectionError(section) from None
configparser.NoSectionError: No section: 'postgresql'

During handling of the above exception, another exception occurred:

Traceback (most recent call last):
  File "C:\Users\nizan\AppData\Local\Programs\Python\Python311\Lib\site-packages\flask\app.py", line 1473, in wsgi_app
    response = self.full_dispatch_request()
               ^^^^^^^^^^^^^^^^^^^^^^^^^^^^
  File "C:\Users\nizan\AppData\Local\Programs\Python\Python311\Lib\site-packages\flask\app.py", line 882, in full_dispatch_request
    rv = self.handle_user_exception(e)
         ^^^^^^^^^^^^^^^^^^^^^^^^^^^^^
  File "C:\Users\nizan\AppData\Local\Programs\Python\Python311\Lib\site-packages\flask\app.py", line 880, in full_dispatch_request
    rv = self.dispatch_request()
         ^^^^^^^^^^^^^^^^^^^^^^^
  File "C:\Users\nizan\AppData\Local\Programs\Python\Python311\Lib\site-packages\flask\app.py", line 865, in dispatch_request
    return self.ensure_sync(self.view_functions[rule.endpoint])(**view_args)  # type: ignore[no-any-return]
           ^^^^^^^^^^^^^^^^^^^^^^^^^^^^^^^^^^^^^^^^^^^^^^^^^^^^^^^^^^^^^^^^^
  File "C:\Users\nizan\Desktop\Doggo\backend\src\routes\care_info_routes.py", line 151, in get_dog_care_info
    db = load_database_config()
         ^^^^^^^^^^^^^^^^^^^^^^
  File "C:\Users\nizan\Desktop\Doggo\backend\src\utils\config.py", line 20, in load_database_config
    raise RuntimeError(f"Error reading configuration file: {e}")
RuntimeError: Error reading configuration file: No section: 'postgresql'
2024-08-18 00:32:13,555 - werkzeug - INFO - 127.0.0.1 - - [18/Aug/2024 00:32:13] "[35m[1mGET /api/dog/care_info?dog_id=16 HTTP/1.1[0m" 500 -
2024-08-18 00:32:23,225 - main - ERROR - Exception on /api/dog/vet [GET]
Traceback (most recent call last):
  File "C:\Users\nizan\Desktop\Doggo\backend\src\utils\config.py", line 11, in load_database_config
    'host': parser.get('postgresql', 'db_host').strip(),
            ^^^^^^^^^^^^^^^^^^^^^^^^^^^^^^^^^^^
  File "C:\Users\nizan\AppData\Local\Programs\Python\Python311\Lib\configparser.py", line 797, in get
    d = self._unify_values(section, vars)
        ^^^^^^^^^^^^^^^^^^^^^^^^^^^^^^^^^
  File "C:\Users\nizan\AppData\Local\Programs\Python\Python311\Lib\configparser.py", line 1168, in _unify_values
    raise NoSectionError(section) from None
configparser.NoSectionError: No section: 'postgresql'

During handling of the above exception, another exception occurred:

Traceback (most recent call last):
  File "C:\Users\nizan\AppData\Local\Programs\Python\Python311\Lib\site-packages\flask\app.py", line 1473, in wsgi_app
    response = self.full_dispatch_request()
               ^^^^^^^^^^^^^^^^^^^^^^^^^^^^
  File "C:\Users\nizan\AppData\Local\Programs\Python\Python311\Lib\site-packages\flask\app.py", line 882, in full_dispatch_request
    rv = self.handle_user_exception(e)
         ^^^^^^^^^^^^^^^^^^^^^^^^^^^^^
  File "C:\Users\nizan\AppData\Local\Programs\Python\Python311\Lib\site-packages\flask\app.py", line 880, in full_dispatch_request
    rv = self.dispatch_request()
         ^^^^^^^^^^^^^^^^^^^^^^^
  File "C:\Users\nizan\AppData\Local\Programs\Python\Python311\Lib\site-packages\flask\app.py", line 865, in dispatch_request
    return self.ensure_sync(self.view_functions[rule.endpoint])(**view_args)  # type: ignore[no-any-return]
           ^^^^^^^^^^^^^^^^^^^^^^^^^^^^^^^^^^^^^^^^^^^^^^^^^^^^^^^^^^^^^^^^^
  File "C:\Users\nizan\Desktop\Doggo\backend\src\routes\care_info_routes.py", line 76, in get_dog_vet
    db = load_database_config()
         ^^^^^^^^^^^^^^^^^^^^^^
  File "C:\Users\nizan\Desktop\Doggo\backend\src\utils\config.py", line 20, in load_database_config
    raise RuntimeError(f"Error reading configuration file: {e}")
RuntimeError: Error reading configuration file: No section: 'postgresql'
2024-08-18 00:32:23,227 - werkzeug - INFO - 127.0.0.1 - - [18/Aug/2024 00:32:23] "[35m[1mGET /api/dog/vet?dog_id=16 HTTP/1.1[0m" 500 -
2024-08-18 00:37:16,978 - werkzeug - INFO - [31m[1mWARNING: This is a development server. Do not use it in a production deployment. Use a production WSGI server instead.[0m
 * Running on all addresses (0.0.0.0)
 * Running on http://127.0.0.1:5000
 * Running on http://192.168.1.10:5000
2024-08-18 00:37:16,979 - werkzeug - INFO - [33mPress CTRL+C to quit[0m
2024-08-18 00:37:33,009 - werkzeug - INFO - 127.0.0.1 - - [18/Aug/2024 00:37:33] "GET /api/dog/vet?dog_id=16 HTTP/1.1" 200 -
2024-08-18 00:38:00,146 - werkzeug - INFO - 127.0.0.1 - - [18/Aug/2024 00:38:00] "PUT /api/dog/vet HTTP/1.1" 200 -
2024-08-18 00:40:13,678 - werkzeug - INFO - 127.0.0.1 - - [18/Aug/2024 00:40:13] "PUT /api/dog/pension HTTP/1.1" 200 -
2024-08-18 00:40:30,548 - werkzeug - INFO - 127.0.0.1 - - [18/Aug/2024 00:40:30] "GET /api/dog/pension?dog_id=16 HTTP/1.1" 200 -
2024-08-18 00:45:35,343 - werkzeug - INFO - [31m[1mWARNING: This is a development server. Do not use it in a production deployment. Use a production WSGI server instead.[0m
 * Running on all addresses (0.0.0.0)
 * Running on http://127.0.0.1:5000
 * Running on http://192.168.1.10:5000
2024-08-18 00:45:35,343 - werkzeug - INFO - [33mPress CTRL+C to quit[0m
2024-08-18 00:45:38,957 - werkzeug - INFO - 127.0.0.1 - - [18/Aug/2024 00:45:38] "[35m[1mGET /api/dog/pension?dog_id=101 HTTP/1.1[0m" 204 -
2024-08-18 00:46:01,223 - werkzeug - INFO - 127.0.0.1 - - [18/Aug/2024 00:46:01] "[31m[1mPUT /api/dog/vet HTTP/1.1[0m" 400 -
2024-08-18 00:47:42,128 - werkzeug - INFO - [31m[1mWARNING: This is a development server. Do not use it in a production deployment. Use a production WSGI server instead.[0m
 * Running on all addresses (0.0.0.0)
 * Running on http://127.0.0.1:5000
 * Running on http://192.168.1.10:5000
2024-08-18 00:47:42,128 - werkzeug - INFO - [33mPress CTRL+C to quit[0m
2024-08-18 00:47:48,855 - werkzeug - INFO - 127.0.0.1 - - [18/Aug/2024 00:47:48] "PUT /api/dog/vet HTTP/1.1" 200 -
2024-08-18 00:48:18,137 - werkzeug - INFO - 127.0.0.1 - - [18/Aug/2024 00:48:18] "PUT /api/dog/pension HTTP/1.1" 200 -
2024-08-18 00:48:23,346 - werkzeug - INFO - 127.0.0.1 - - [18/Aug/2024 00:48:23] "[31m[1mPUT /api/dog/pension HTTP/1.1[0m" 400 -
2024-08-18 10:31:38,662 - werkzeug - INFO - [31m[1mWARNING: This is a development server. Do not use it in a production deployment. Use a production WSGI server instead.[0m
 * Running on all addresses (0.0.0.0)
 * Running on http://127.0.0.1:5000
 * Running on http://192.168.1.10:5000
2024-08-18 10:31:38,665 - werkzeug - INFO - [33mPress CTRL+C to quit[0m
2024-08-18 10:31:45,375 - werkzeug - INFO - 127.0.0.1 - - [18/Aug/2024 10:31:45] "GET /api/dog/bcs?dog_id=101 HTTP/1.1" 200 -
2024-08-18 10:33:52,513 - werkzeug - INFO - [31m[1mWARNING: This is a development server. Do not use it in a production deployment. Use a production WSGI server instead.[0m
 * Running on all addresses (0.0.0.0)
 * Running on http://127.0.0.1:5000
 * Running on http://192.168.1.10:5000
2024-08-18 10:33:52,513 - werkzeug - INFO - [33mPress CTRL+C to quit[0m
2024-08-18 10:33:57,167 - werkzeug - INFO - 127.0.0.1 - - [18/Aug/2024 10:33:57] "GET /api/dog/bcs?dog_id=101 HTTP/1.1" 200 -
2024-08-18 10:34:32,540 - werkzeug - INFO - [31m[1mWARNING: This is a development server. Do not use it in a production deployment. Use a production WSGI server instead.[0m
 * Running on all addresses (0.0.0.0)
 * Running on http://127.0.0.1:5000
 * Running on http://192.168.1.10:5000
2024-08-18 10:34:32,541 - werkzeug - INFO - [33mPress CTRL+C to quit[0m
2024-08-18 10:34:36,186 - werkzeug - INFO - 127.0.0.1 - - [18/Aug/2024 10:34:36] "GET /api/dog/bcs?dog_id=101 HTTP/1.1" 200 -
2024-08-18 10:57:08,272 - werkzeug - INFO - [31m[1mWARNING: This is a development server. Do not use it in a production deployment. Use a production WSGI server instead.[0m
 * Running on all addresses (0.0.0.0)
 * Running on http://127.0.0.1:5000
 * Running on http://192.168.1.10:5000
2024-08-18 10:57:08,272 - werkzeug - INFO - [33mPress CTRL+C to quit[0m
2024-08-18 10:57:13,413 - werkzeug - INFO - 127.0.0.1 - - [18/Aug/2024 10:57:13] "GET /api/dog/bcs?dog_id=101 HTTP/1.1" 200 -
2024-08-18 10:57:44,183 - werkzeug - INFO - 127.0.0.1 - - [18/Aug/2024 10:57:44] "[31m[1mGET /api/dog/vaccinations?dog_id=1 HTTP/1.1[0m" 400 -
2024-08-18 10:57:49,566 - werkzeug - INFO - 127.0.0.1 - - [18/Aug/2024 10:57:49] "GET /api/dog/vaccinations?dog_id=101 HTTP/1.1" 200 -
2024-08-18 10:58:43,688 - werkzeug - INFO - [31m[1mWARNING: This is a development server. Do not use it in a production deployment. Use a production WSGI server instead.[0m
 * Running on all addresses (0.0.0.0)
 * Running on http://127.0.0.1:5000
 * Running on http://192.168.1.10:5000
2024-08-18 10:58:43,688 - werkzeug - INFO - [33mPress CTRL+C to quit[0m
2024-08-18 10:58:47,937 - werkzeug - INFO - 127.0.0.1 - - [18/Aug/2024 10:58:47] "GET /api/dog/vaccinations?dog_id=101 HTTP/1.1" 200 -
2024-08-18 10:59:01,153 - werkzeug - INFO - [31m[1mWARNING: This is a development server. Do not use it in a production deployment. Use a production WSGI server instead.[0m
 * Running on all addresses (0.0.0.0)
 * Running on http://127.0.0.1:5000
 * Running on http://192.168.1.10:5000
2024-08-18 10:59:01,153 - werkzeug - INFO - [33mPress CTRL+C to quit[0m
2024-08-18 10:59:05,851 - werkzeug - INFO - 127.0.0.1 - - [18/Aug/2024 10:59:05] "[35m[1mGET /api/dog/vaccinations?dog_id=101 HTTP/1.1[0m" 204 -
2024-08-18 10:59:16,602 - werkzeug - INFO - 127.0.0.1 - - [18/Aug/2024 10:59:16] "GET /api/dog/vaccinations?dog_id=16 HTTP/1.1" 200 -
2024-08-18 10:59:28,443 - werkzeug - INFO - [31m[1mWARNING: This is a development server. Do not use it in a production deployment. Use a production WSGI server instead.[0m
 * Running on all addresses (0.0.0.0)
 * Running on http://127.0.0.1:5000
 * Running on http://192.168.1.10:5000
2024-08-18 10:59:28,443 - werkzeug - INFO - [33mPress CTRL+C to quit[0m
2024-08-18 10:59:32,399 - werkzeug - INFO - 127.0.0.1 - - [18/Aug/2024 10:59:32] "GET /api/dog/vaccinations?dog_id=16 HTTP/1.1" 200 -
2024-08-18 11:00:12,466 - werkzeug - INFO - [31m[1mWARNING: This is a development server. Do not use it in a production deployment. Use a production WSGI server instead.[0m
 * Running on all addresses (0.0.0.0)
 * Running on http://127.0.0.1:5000
 * Running on http://192.168.1.10:5000
2024-08-18 11:00:12,467 - werkzeug - INFO - [33mPress CTRL+C to quit[0m
2024-08-18 11:00:17,173 - werkzeug - INFO - 127.0.0.1 - - [18/Aug/2024 11:00:17] "GET /api/dog/vaccinations?dog_id=16 HTTP/1.1" 200 -
2024-08-18 11:00:45,706 - werkzeug - INFO - [31m[1mWARNING: This is a development server. Do not use it in a production deployment. Use a production WSGI server instead.[0m
 * Running on all addresses (0.0.0.0)
 * Running on http://127.0.0.1:5000
 * Running on http://192.168.1.10:5000
2024-08-18 11:00:45,706 - werkzeug - INFO - [33mPress CTRL+C to quit[0m
2024-08-18 11:00:48,969 - werkzeug - INFO - 127.0.0.1 - - [18/Aug/2024 11:00:48] "GET /api/dog/vaccinations?dog_id=16 HTTP/1.1" 200 -
2024-08-18 11:06:04,470 - werkzeug - INFO - 127.0.0.1 - - [18/Aug/2024 11:06:04] "GET /api/user/all HTTP/1.1" 200 -
2024-08-18 14:34:36,190 - werkzeug - INFO - [31m[1mWARNING: This is a development server. Do not use it in a production deployment. Use a production WSGI server instead.[0m
 * Running on all addresses (0.0.0.0)
 * Running on http://127.0.0.1:5000
 * Running on http://192.168.1.10:5000
2024-08-18 14:34:36,190 - werkzeug - INFO - [33mPress CTRL+C to quit[0m
2024-08-18 14:34:44,552 - werkzeug - INFO - 127.0.0.1 - - [18/Aug/2024 14:34:44] "[31m[1mGET /api/dog/vaccinations?dog_id=16 HTTP/1.1[0m" 400 -
2024-08-18 14:35:26,637 - werkzeug - INFO - 127.0.0.1 - - [18/Aug/2024 14:35:26] "GET /api/faq/questions HTTP/1.1" 200 -
2024-08-18 14:46:35,515 - werkzeug - INFO - [31m[1mWARNING: This is a development server. Do not use it in a production deployment. Use a production WSGI server instead.[0m
 * Running on all addresses (0.0.0.0)
 * Running on http://127.0.0.1:5000
 * Running on http://192.168.1.10:5000
2024-08-18 14:46:35,515 - werkzeug - INFO - [33mPress CTRL+C to quit[0m
2024-08-18 14:47:25,033 - werkzeug - INFO - 127.0.0.1 - - [18/Aug/2024 14:47:25] "GET /api/dog/vaccinations?dog_id=16 HTTP/1.1" 200 -
2024-08-18 14:49:02,217 - werkzeug - INFO - [31m[1mWARNING: This is a development server. Do not use it in a production deployment. Use a production WSGI server instead.[0m
 * Running on all addresses (0.0.0.0)
 * Running on http://127.0.0.1:5000
 * Running on http://192.168.1.10:5000
2024-08-18 14:49:02,217 - werkzeug - INFO - [33mPress CTRL+C to quit[0m
2024-08-18 14:49:05,919 - werkzeug - INFO - 127.0.0.1 - - [18/Aug/2024 14:49:05] "[31m[1mGET /api/dog/vaccinations?dog_id=16 HTTP/1.1[0m" 400 -
2024-08-18 14:49:22,757 - werkzeug - INFO - 127.0.0.1 - - [18/Aug/2024 14:49:22] "[31m[1mGET /api/dog/vaccinations?dog_id=16 HTTP/1.1[0m" 400 -
2024-08-18 14:49:26,496 - werkzeug - INFO - [31m[1mWARNING: This is a development server. Do not use it in a production deployment. Use a production WSGI server instead.[0m
 * Running on all addresses (0.0.0.0)
 * Running on http://127.0.0.1:5000
 * Running on http://192.168.1.10:5000
2024-08-18 14:49:26,496 - werkzeug - INFO - [33mPress CTRL+C to quit[0m
2024-08-18 14:49:29,515 - werkzeug - INFO - 127.0.0.1 - - [18/Aug/2024 14:49:29] "GET /api/dog/vaccinations?dog_id=16 HTTP/1.1" 200 -
2024-08-18 14:49:54,593 - werkzeug - INFO - 127.0.0.1 - - [18/Aug/2024 14:49:54] "[35m[1mGET /api/dog/vaccinations?dog_id=101 HTTP/1.1[0m" 204 -
2024-08-18 14:50:17,831 - werkzeug - INFO - 127.0.0.1 - - [18/Aug/2024 14:50:17] "[35m[1mPOST /api/dog/vaccinations HTTP/1.1[0m" 201 -
2024-08-18 14:50:22,941 - werkzeug - INFO - 127.0.0.1 - - [18/Aug/2024 14:50:22] "GET /api/dog/vaccinations?dog_id=101 HTTP/1.1" 200 -
2024-08-18 14:50:33,159 - werkzeug - INFO - 127.0.0.1 - - [18/Aug/2024 14:50:33] "[31m[1mPUT /api/dog/vaccinations HTTP/1.1[0m" 400 -
2024-08-18 14:51:50,364 - werkzeug - INFO - [31m[1mWARNING: This is a development server. Do not use it in a production deployment. Use a production WSGI server instead.[0m
 * Running on all addresses (0.0.0.0)
 * Running on http://127.0.0.1:5000
 * Running on http://192.168.1.10:5000
2024-08-18 14:51:50,364 - werkzeug - INFO - [33mPress CTRL+C to quit[0m
2024-08-18 14:51:53,552 - werkzeug - INFO - 127.0.0.1 - - [18/Aug/2024 14:51:53] "[31m[1mPUT /api/dog/vaccinations HTTP/1.1[0m" 400 -
2024-08-18 14:53:19,632 - werkzeug - INFO - 127.0.0.1 - - [18/Aug/2024 14:53:19] "[31m[1mPUT /api/dog/vaccinations HTTP/1.1[0m" 400 -
2024-08-18 14:54:23,224 - werkzeug - INFO - [31m[1mWARNING: This is a development server. Do not use it in a production deployment. Use a production WSGI server instead.[0m
 * Running on all addresses (0.0.0.0)
 * Running on http://127.0.0.1:5000
 * Running on http://192.168.1.10:5000
2024-08-18 14:54:23,224 - werkzeug - INFO - [33mPress CTRL+C to quit[0m
2024-08-18 14:54:28,386 - werkzeug - INFO - 127.0.0.1 - - [18/Aug/2024 14:54:28] "PUT /api/dog/vaccinations HTTP/1.1" 200 -
2024-08-18 14:54:36,834 - werkzeug - INFO - 127.0.0.1 - - [18/Aug/2024 14:54:36] "PUT /api/dog/vaccinations HTTP/1.1" 200 -
2024-08-18 14:54:52,898 - werkzeug - INFO - 127.0.0.1 - - [18/Aug/2024 14:54:52] "[31m[1mDELETE /api/dog/vaccinations?vaccination_id=111 HTTP/1.1[0m" 400 -
2024-08-18 14:54:57,861 - werkzeug - INFO - 127.0.0.1 - - [18/Aug/2024 14:54:57] "[31m[1mDELETE /api/dog/vaccinations?vaccination_id=111 HTTP/1.1[0m" 400 -
2024-08-18 14:55:03,035 - werkzeug - INFO - 127.0.0.1 - - [18/Aug/2024 14:55:03] "[31m[1mDELETE /api/dog/vaccinations?vaccination_id=6 HTTP/1.1[0m" 400 -
2024-08-18 14:55:08,203 - werkzeug - INFO - 127.0.0.1 - - [18/Aug/2024 14:55:08] "[31m[1mDELETE /api/dog/vaccinations?vaccination_id=5 HTTP/1.1[0m" 400 -
2024-08-18 14:55:27,426 - werkzeug - INFO - [31m[1mWARNING: This is a development server. Do not use it in a production deployment. Use a production WSGI server instead.[0m
 * Running on all addresses (0.0.0.0)
 * Running on http://127.0.0.1:5000
 * Running on http://192.168.1.10:5000
2024-08-18 14:55:27,426 - werkzeug - INFO - [33mPress CTRL+C to quit[0m
2024-08-18 14:55:30,356 - werkzeug - INFO - 127.0.0.1 - - [18/Aug/2024 14:55:30] "[31m[1mDELETE /api/dog/vaccinations?vaccination_id=5 HTTP/1.1[0m" 400 -
2024-08-18 14:56:22,751 - werkzeug - INFO - [31m[1mWARNING: This is a development server. Do not use it in a production deployment. Use a production WSGI server instead.[0m
 * Running on all addresses (0.0.0.0)
 * Running on http://127.0.0.1:5000
 * Running on http://192.168.1.10:5000
2024-08-18 14:56:22,752 - werkzeug - INFO - [33mPress CTRL+C to quit[0m
2024-08-18 14:56:25,057 - werkzeug - INFO - 127.0.0.1 - - [18/Aug/2024 14:56:25] "[31m[1mDELETE /api/dog/vaccinations?vaccination_id=5 HTTP/1.1[0m" 400 -
2024-08-18 14:56:54,548 - werkzeug - INFO - [31m[1mWARNING: This is a development server. Do not use it in a production deployment. Use a production WSGI server instead.[0m
 * Running on all addresses (0.0.0.0)
 * Running on http://127.0.0.1:5000
 * Running on http://192.168.1.10:5000
2024-08-18 14:56:54,548 - werkzeug - INFO - [33mPress CTRL+C to quit[0m
2024-08-18 14:56:57,651 - werkzeug - INFO - 127.0.0.1 - - [18/Aug/2024 14:56:57] "[31m[1mDELETE /api/dog/vaccinations?vaccination_id=5 HTTP/1.1[0m" 400 -
2024-08-18 14:57:17,455 - werkzeug - INFO - [31m[1mWARNING: This is a development server. Do not use it in a production deployment. Use a production WSGI server instead.[0m
 * Running on all addresses (0.0.0.0)
 * Running on http://127.0.0.1:5000
 * Running on http://192.168.1.10:5000
2024-08-18 14:57:17,455 - werkzeug - INFO - [33mPress CTRL+C to quit[0m
2024-08-18 14:57:21,001 - werkzeug - INFO - 127.0.0.1 - - [18/Aug/2024 14:57:21] "DELETE /api/dog/vaccinations?vaccination_id=5 HTTP/1.1" 200 -
2024-08-18 14:57:30,778 - werkzeug - INFO - [31m[1mWARNING: This is a development server. Do not use it in a production deployment. Use a production WSGI server instead.[0m
 * Running on all addresses (0.0.0.0)
 * Running on http://127.0.0.1:5000
 * Running on http://192.168.1.10:5000
2024-08-18 14:57:30,778 - werkzeug - INFO - [33mPress CTRL+C to quit[0m
2024-08-18 14:57:34,146 - werkzeug - INFO - 127.0.0.1 - - [18/Aug/2024 14:57:34] "[31m[1mDELETE /api/dog/vaccinations?vaccination_id=5 HTTP/1.1[0m" 400 -
2024-08-18 14:58:16,297 - werkzeug - INFO - 127.0.0.1 - - [18/Aug/2024 14:58:16] "DELETE /api/dog/vaccinations?vaccination_id=6 HTTP/1.1" 200 -
2024-08-21 18:15:15,912 - werkzeug - INFO - [31m[1mWARNING: This is a development server. Do not use it in a production deployment. Use a production WSGI server instead.[0m
 * Running on all addresses (0.0.0.0)
 * Running on http://127.0.0.1:5000
 * Running on http://192.162.3.176:5000
2024-08-21 18:15:15,913 - werkzeug - INFO - [33mPress CTRL+C to quit[0m
2024-08-21 18:16:01,087 - werkzeug - INFO - 127.0.0.1 - - [21/Aug/2024 18:16:01] "GET /api/places/all HTTP/1.1" 200 -
2024-08-21 18:16:11,136 - werkzeug - INFO - 127.0.0.1 - - [21/Aug/2024 18:16:11] "[31m[1mGET /api/places/by_type?type=medical HTTP/1.1[0m" 400 -
2024-08-21 18:19:10,971 - werkzeug - INFO - [31m[1mWARNING: This is a development server. Do not use it in a production deployment. Use a production WSGI server instead.[0m
 * Running on all addresses (0.0.0.0)
 * Running on http://127.0.0.1:5000
 * Running on http://192.162.3.176:5000
2024-08-21 18:19:10,972 - werkzeug - INFO - [33mPress CTRL+C to quit[0m
2024-08-21 18:19:16,979 - werkzeug - INFO - 127.0.0.1 - - [21/Aug/2024 18:19:16] "GET /api/places/by_type?type=medical HTTP/1.1" 200 -
2024-08-21 18:19:22,640 - werkzeug - INFO - 127.0.0.1 - - [21/Aug/2024 18:19:22] "[33mGET /api/places/favorite_by_type?type=medical HTTP/1.1[0m" 404 -
2024-08-21 18:19:46,263 - werkzeug - INFO - 127.0.0.1 - - [21/Aug/2024 18:19:46] "[33mPUT /api/places/favorite_by_type?type=medical HTTP/1.1[0m" 404 -
2024-08-21 18:20:18,959 - werkzeug - INFO - [31m[1mWARNING: This is a development server. Do not use it in a production deployment. Use a production WSGI server instead.[0m
 * Running on all addresses (0.0.0.0)
 * Running on http://127.0.0.1:5000
 * Running on http://192.162.3.176:5000
2024-08-21 18:20:18,959 - werkzeug - INFO - [33mPress CTRL+C to quit[0m
2024-08-21 18:20:21,622 - werkzeug - INFO - 127.0.0.1 - - [21/Aug/2024 18:20:21] "[31m[1mPUT /api/places/favorite_by_type?type=medical HTTP/1.1[0m" 415 -
2024-08-21 18:20:28,972 - werkzeug - INFO - [31m[1mWARNING: This is a development server. Do not use it in a production deployment. Use a production WSGI server instead.[0m
 * Running on all addresses (0.0.0.0)
 * Running on http://127.0.0.1:5000
 * Running on http://192.162.3.176:5000
2024-08-21 18:20:28,972 - werkzeug - INFO - [33mPress CTRL+C to quit[0m
2024-08-21 18:20:31,200 - werkzeug - INFO - 127.0.0.1 - - [21/Aug/2024 18:20:31] "[31m[1mPUT /api/places/favorite_by_type?type=medical HTTP/1.1[0m" 415 -
2024-08-21 18:22:51,205 - werkzeug - INFO - 127.0.0.1 - - [21/Aug/2024 18:22:51] "[31m[1mPUT /api/places/favorite_by_type HTTP/1.1[0m" 400 -
2024-08-21 18:23:26,517 - werkzeug - INFO - [31m[1mWARNING: This is a development server. Do not use it in a production deployment. Use a production WSGI server instead.[0m
 * Running on all addresses (0.0.0.0)
 * Running on http://127.0.0.1:5000
 * Running on http://192.162.3.176:5000
2024-08-21 18:23:26,517 - werkzeug - INFO - [33mPress CTRL+C to quit[0m
2024-08-21 18:23:29,803 - werkzeug - INFO - 127.0.0.1 - - [21/Aug/2024 18:23:29] "[31m[1mPUT /api/places/favorite_by_type HTTP/1.1[0m" 400 -
2024-08-21 18:23:56,923 - werkzeug - INFO - [31m[1mWARNING: This is a development server. Do not use it in a production deployment. Use a production WSGI server instead.[0m
 * Running on all addresses (0.0.0.0)
 * Running on http://127.0.0.1:5000
 * Running on http://192.162.3.176:5000
2024-08-21 18:23:56,923 - werkzeug - INFO - [33mPress CTRL+C to quit[0m
2024-08-21 18:24:01,755 - werkzeug - INFO - 127.0.0.1 - - [21/Aug/2024 18:24:01] "[31m[1mPUT /api/places/favorite_by_type HTTP/1.1[0m" 400 -
2024-08-21 18:24:15,734 - werkzeug - INFO - [31m[1mWARNING: This is a development server. Do not use it in a production deployment. Use a production WSGI server instead.[0m
 * Running on all addresses (0.0.0.0)
 * Running on http://127.0.0.1:5000
 * Running on http://192.162.3.176:5000
2024-08-21 18:24:15,735 - werkzeug - INFO - [33mPress CTRL+C to quit[0m
2024-08-21 18:24:19,773 - werkzeug - INFO - 127.0.0.1 - - [21/Aug/2024 18:24:19] "[31m[1mPUT /api/places/favorite_by_type HTTP/1.1[0m" 400 -
2024-08-21 18:24:47,566 - werkzeug - INFO - [31m[1mWARNING: This is a development server. Do not use it in a production deployment. Use a production WSGI server instead.[0m
 * Running on all addresses (0.0.0.0)
 * Running on http://127.0.0.1:5000
 * Running on http://192.162.3.176:5000
2024-08-21 18:24:47,566 - werkzeug - INFO - [33mPress CTRL+C to quit[0m
2024-08-21 18:24:51,211 - werkzeug - INFO - 127.0.0.1 - - [21/Aug/2024 18:24:51] "[31m[1mPUT /api/places/favorite_by_type HTTP/1.1[0m" 400 -
2024-08-21 18:25:12,018 - werkzeug - INFO - [31m[1mWARNING: This is a development server. Do not use it in a production deployment. Use a production WSGI server instead.[0m
 * Running on all addresses (0.0.0.0)
 * Running on http://127.0.0.1:5000
 * Running on http://192.162.3.176:5000
2024-08-21 18:25:12,018 - werkzeug - INFO - [33mPress CTRL+C to quit[0m
2024-08-21 18:25:15,481 - werkzeug - INFO - 127.0.0.1 - - [21/Aug/2024 18:25:15] "[31m[1mPUT /api/places/favorite_by_type HTTP/1.1[0m" 400 -
2024-08-21 18:25:24,936 - werkzeug - INFO - [31m[1mWARNING: This is a development server. Do not use it in a production deployment. Use a production WSGI server instead.[0m
 * Running on all addresses (0.0.0.0)
 * Running on http://127.0.0.1:5000
 * Running on http://192.162.3.176:5000
2024-08-21 18:25:24,937 - werkzeug - INFO - [33mPress CTRL+C to quit[0m
2024-08-21 18:25:28,693 - werkzeug - INFO - 127.0.0.1 - - [21/Aug/2024 18:25:28] "[31m[1mPUT /api/places/favorite_by_type HTTP/1.1[0m" 400 -
2024-08-21 18:26:54,235 - werkzeug - INFO - [31m[1mWARNING: This is a development server. Do not use it in a production deployment. Use a production WSGI server instead.[0m
 * Running on all addresses (0.0.0.0)
 * Running on http://127.0.0.1:5000
 * Running on http://192.162.3.176:5000
2024-08-21 18:26:54,235 - werkzeug - INFO - [33mPress CTRL+C to quit[0m
2024-08-21 18:27:00,799 - werkzeug - INFO - 127.0.0.1 - - [21/Aug/2024 18:27:00] "[31m[1mPUT /api/places/favorite_by_type HTTP/1.1[0m" 400 -
2024-08-21 18:28:07,489 - werkzeug - INFO - [31m[1mWARNING: This is a development server. Do not use it in a production deployment. Use a production WSGI server instead.[0m
 * Running on all addresses (0.0.0.0)
 * Running on http://127.0.0.1:5000
 * Running on http://192.162.3.176:5000
2024-08-21 18:28:07,489 - werkzeug - INFO - [33mPress CTRL+C to quit[0m
2024-08-21 18:28:14,220 - werkzeug - INFO - 127.0.0.1 - - [21/Aug/2024 18:28:14] "[31m[1mPUT /api/places/favorite_by_type HTTP/1.1[0m" 400 -
2024-08-21 18:28:24,208 - werkzeug - INFO - [31m[1mWARNING: This is a development server. Do not use it in a production deployment. Use a production WSGI server instead.[0m
 * Running on all addresses (0.0.0.0)
 * Running on http://127.0.0.1:5000
 * Running on http://192.162.3.176:5000
2024-08-21 18:28:24,209 - werkzeug - INFO - [33mPress CTRL+C to quit[0m
2024-08-21 18:28:27,272 - werkzeug - INFO - 127.0.0.1 - - [21/Aug/2024 18:28:27] "[31m[1mPUT /api/places/favorite_by_type HTTP/1.1[0m" 400 -
2024-08-21 18:29:26,313 - werkzeug - INFO - [31m[1mWARNING: This is a development server. Do not use it in a production deployment. Use a production WSGI server instead.[0m
 * Running on all addresses (0.0.0.0)
 * Running on http://127.0.0.1:5000
 * Running on http://192.162.3.176:5000
2024-08-21 18:29:26,314 - werkzeug - INFO - [33mPress CTRL+C to quit[0m
2024-08-21 18:29:30,045 - werkzeug - INFO - 127.0.0.1 - - [21/Aug/2024 18:29:30] "PUT /api/places/favorite_by_type HTTP/1.1" 200 -
2024-08-21 18:30:30,561 - werkzeug - INFO - 127.0.0.1 - - [21/Aug/2024 18:30:30] "PUT /api/places/favorite_by_type HTTP/1.1" 200 -
2024-08-21 18:31:10,702 - werkzeug - INFO - 127.0.0.1 - - [21/Aug/2024 18:31:10] "PUT /api/places/favorite_by_type HTTP/1.1" 200 -
2024-08-21 19:40:57,367 - werkzeug - INFO - [31m[1mWARNING: This is a development server. Do not use it in a production deployment. Use a production WSGI server instead.[0m
 * Running on all addresses (0.0.0.0)
 * Running on http://127.0.0.1:5000
 * Running on http://192.162.3.176:5000
2024-08-21 19:40:57,368 - werkzeug - INFO - [33mPress CTRL+C to quit[0m
2024-08-21 19:46:24,706 - werkzeug - INFO - [31m[1mWARNING: This is a development server. Do not use it in a production deployment. Use a production WSGI server instead.[0m
 * Running on all addresses (0.0.0.0)
 * Running on http://127.0.0.1:5000
 * Running on http://192.162.3.176:5000
2024-08-21 19:46:24,706 - werkzeug - INFO - [33mPress CTRL+C to quit[0m
2024-08-21 19:48:41,280 - werkzeug - INFO - 127.0.0.1 - - [21/Aug/2024 19:48:41] "[31m[1mDELETE /api/dog/activities?activity_id=10 HTTP/1.1[0m" 400 -
2024-08-21 19:49:00,200 - werkzeug - INFO - [31m[1mWARNING: This is a development server. Do not use it in a production deployment. Use a production WSGI server instead.[0m
 * Running on all addresses (0.0.0.0)
 * Running on http://127.0.0.1:5000
 * Running on http://192.162.3.176:5000
2024-08-21 19:49:00,200 - werkzeug - INFO - [33mPress CTRL+C to quit[0m
2024-08-21 19:49:05,093 - werkzeug - INFO - 127.0.0.1 - - [21/Aug/2024 19:49:05] "DELETE /api/dog/activities?activity_id=10 HTTP/1.1" 200 -
2024-08-21 19:49:33,005 - werkzeug - INFO - 127.0.0.1 - - [21/Aug/2024 19:49:33] "[31m[1mGET /api/dog/activities HTTP/1.1[0m" 400 -
2024-08-21 19:49:47,843 - werkzeug - INFO - 127.0.0.1 - - [21/Aug/2024 19:49:47] "GET /api/dog/activities?dog_id=101 HTTP/1.1" 200 -
2024-08-21 19:49:57,024 - werkzeug - INFO - 127.0.0.1 - - [21/Aug/2024 19:49:57] "[31m[1mGET /api/dog/activities?dog_id=105 HTTP/1.1[0m" 400 -
2024-08-21 19:50:07,502 - werkzeug - INFO - 127.0.0.1 - - [21/Aug/2024 19:50:07] "[35m[1mGET /api/dog/activities?dog_id=16 HTTP/1.1[0m" 204 -
2024-08-21 19:50:18,461 - werkzeug - INFO - 127.0.0.1 - - [21/Aug/2024 19:50:18] "[31m[1mDELETE /api/dog/activities?activity_id=56 HTTP/1.1[0m" 400 -
2024-08-26 19:34:13,504 - werkzeug - INFO - [31m[1mWARNING: This is a development server. Do not use it in a production deployment. Use a production WSGI server instead.[0m
 * Running on all addresses (0.0.0.0)
 * Running on http://127.0.0.1:5000
 * Running on http://192.162.3.176:5000
2024-08-26 19:34:13,504 - werkzeug - INFO - [33mPress CTRL+C to quit[0m
2024-08-26 19:34:18,136 - werkzeug - INFO - 127.0.0.1 - - [26/Aug/2024 19:34:18] "[35m[1mGET /api/dog/profile?dog_id=101 HTTP/1.1[0m" 500 -
2024-08-26 19:34:52,806 - werkzeug - INFO - [31m[1mWARNING: This is a development server. Do not use it in a production deployment. Use a production WSGI server instead.[0m
 * Running on all addresses (0.0.0.0)
 * Running on http://127.0.0.1:5000
 * Running on http://192.162.3.176:5000
2024-08-26 19:34:52,806 - werkzeug - INFO - [33mPress CTRL+C to quit[0m
2024-08-26 19:34:57,292 - werkzeug - INFO - 127.0.0.1 - - [26/Aug/2024 19:34:57] "GET /api/dog/profile?dog_id=101 HTTP/1.1" 200 -
